<?xml version="1.0" encoding="UTF-8"?>
<testsuites name="jest tests" tests="12" failures="5" errors="0" time="2.427">
  <testsuite name="Weather Dashboard" errors="0" failures="5" skipped="0" timestamp="2024-09-16T07:39:46" time="1.714" tests="12">
    <testcase classname="Weather Dashboard search input is cleared when clear button is clicked" name="Weather Dashboard search input is cleared when clear button is clicked" time="0.073">
      <failure>Error: expect(element).toHaveValue()

Expected the element to have value:

Received:
  New York
    at Object.toHaveValue (/projects/challenge/src/App.test.tsx:21:25)
    at Promise.then.completed (/projects/challenge/node_modules/react-scripts/node_modules/jest-circus/build/utils.js:391:28)
    at new Promise (&lt;anonymous&gt;)
    at callAsyncCircusFn (/projects/challenge/node_modules/react-scripts/node_modules/jest-circus/build/utils.js:316:10)
    at _callCircusTest (/projects/challenge/node_modules/react-scripts/node_modules/jest-circus/build/run.js:218:40)
    at _runTest (/projects/challenge/node_modules/react-scripts/node_modules/jest-circus/build/run.js:155:3)
    at _runTestsForDescribeBlock (/projects/challenge/node_modules/react-scripts/node_modules/jest-circus/build/run.js:66:9)
    at _runTestsForDescribeBlock (/projects/challenge/node_modules/react-scripts/node_modules/jest-circus/build/run.js:60:9)
    at run (/projects/challenge/node_modules/react-scripts/node_modules/jest-circus/build/run.js:25:3)
    at runAndTransformResultsToJestFormat (/projects/challenge/node_modules/react-scripts/node_modules/jest-circus/build/legacy-code-todo-rewrite/jestAdapterInit.js:170:21)
    at jestAdapter (/projects/challenge/node_modules/react-scripts/node_modules/jest-circus/build/legacy-code-todo-rewrite/jestAdapter.js:82:19)
    at runTestInternal (/projects/challenge/node_modules/react-scripts/node_modules/jest-runner/build/runTest.js:389:16)
    at runTest (/projects/challenge/node_modules/react-scripts/node_modules/jest-runner/build/runTest.js:475:34)
    at TestRunner.runTests (/projects/challenge/node_modules/react-scripts/node_modules/jest-runner/build/index.js:101:12)
    at TestScheduler.scheduleTests (/projects/challenge/node_modules/react-scripts/node_modules/@jest/core/build/TestScheduler.js:333:13)
    at runJest (/projects/challenge/node_modules/react-scripts/node_modules/@jest/core/build/runJest.js:404:19)
    at _run10000 (/projects/challenge/node_modules/react-scripts/node_modules/@jest/core/build/cli/index.js:320:7)
    at runCLI (/projects/challenge/node_modules/react-scripts/node_modules/@jest/core/build/cli/index.js:173:3)
    at Object.run (/projects/challenge/node_modules/react-scripts/node_modules/jest-cli/build/cli/index.js:155:37)</failure>
    </testcase>
    <testcase classname="Weather Dashboard default temperature unit is &quot;Celsius&quot;" name="Weather Dashboard default temperature unit is &quot;Celsius&quot;" time="0.014">
      <failure>Error: expect(element).toHaveTextContent()

Expected element to have text content:
  Switch to Fahrenheit
Received:
  Switch to Celsius
    at Object.toHaveTextContent (/projects/challenge/src/App.test.tsx:26:30)
    at Promise.then.completed (/projects/challenge/node_modules/react-scripts/node_modules/jest-circus/build/utils.js:391:28)
    at new Promise (&lt;anonymous&gt;)
    at callAsyncCircusFn (/projects/challenge/node_modules/react-scripts/node_modules/jest-circus/build/utils.js:316:10)
    at _callCircusTest (/projects/challenge/node_modules/react-scripts/node_modules/jest-circus/build/run.js:218:40)
    at _runTest (/projects/challenge/node_modules/react-scripts/node_modules/jest-circus/build/run.js:155:3)
    at _runTestsForDescribeBlock (/projects/challenge/node_modules/react-scripts/node_modules/jest-circus/build/run.js:66:9)
    at _runTestsForDescribeBlock (/projects/challenge/node_modules/react-scripts/node_modules/jest-circus/build/run.js:60:9)
    at run (/projects/challenge/node_modules/react-scripts/node_modules/jest-circus/build/run.js:25:3)
    at runAndTransformResultsToJestFormat (/projects/challenge/node_modules/react-scripts/node_modules/jest-circus/build/legacy-code-todo-rewrite/jestAdapterInit.js:170:21)
    at jestAdapter (/projects/challenge/node_modules/react-scripts/node_modules/jest-circus/build/legacy-code-todo-rewrite/jestAdapter.js:82:19)
    at runTestInternal (/projects/challenge/node_modules/react-scripts/node_modules/jest-runner/build/runTest.js:389:16)
    at runTest (/projects/challenge/node_modules/react-scripts/node_modules/jest-runner/build/runTest.js:475:34)
    at TestRunner.runTests (/projects/challenge/node_modules/react-scripts/node_modules/jest-runner/build/index.js:101:12)
    at TestScheduler.scheduleTests (/projects/challenge/node_modules/react-scripts/node_modules/@jest/core/build/TestScheduler.js:333:13)
    at runJest (/projects/challenge/node_modules/react-scripts/node_modules/@jest/core/build/runJest.js:404:19)
    at _run10000 (/projects/challenge/node_modules/react-scripts/node_modules/@jest/core/build/cli/index.js:320:7)
    at runCLI (/projects/challenge/node_modules/react-scripts/node_modules/@jest/core/build/cli/index.js:173:3)
    at Object.run (/projects/challenge/node_modules/react-scripts/node_modules/jest-cli/build/cli/index.js:155:37)</failure>
    </testcase>
    <testcase classname="Weather Dashboard toggles temperature unit between Fahrenheit and Celsius" name="Weather Dashboard toggles temperature unit between Fahrenheit and Celsius" time="0.013">
      <failure>Error: expect(element).toHaveTextContent()

Expected element to have text content:
  Switch to Celsius
Received:
  Switch to Fahrenheit
    at Object.toHaveTextContent (/projects/challenge/src/App.test.tsx:32:30)
    at Promise.then.completed (/projects/challenge/node_modules/react-scripts/node_modules/jest-circus/build/utils.js:391:28)
    at new Promise (&lt;anonymous&gt;)
    at callAsyncCircusFn (/projects/challenge/node_modules/react-scripts/node_modules/jest-circus/build/utils.js:316:10)
    at _callCircusTest (/projects/challenge/node_modules/react-scripts/node_modules/jest-circus/build/run.js:218:40)
    at _runTest (/projects/challenge/node_modules/react-scripts/node_modules/jest-circus/build/run.js:155:3)
    at _runTestsForDescribeBlock (/projects/challenge/node_modules/react-scripts/node_modules/jest-circus/build/run.js:66:9)
    at _runTestsForDescribeBlock (/projects/challenge/node_modules/react-scripts/node_modules/jest-circus/build/run.js:60:9)
    at run (/projects/challenge/node_modules/react-scripts/node_modules/jest-circus/build/run.js:25:3)
    at runAndTransformResultsToJestFormat (/projects/challenge/node_modules/react-scripts/node_modules/jest-circus/build/legacy-code-todo-rewrite/jestAdapterInit.js:170:21)
    at jestAdapter (/projects/challenge/node_modules/react-scripts/node_modules/jest-circus/build/legacy-code-todo-rewrite/jestAdapter.js:82:19)
    at runTestInternal (/projects/challenge/node_modules/react-scripts/node_modules/jest-runner/build/runTest.js:389:16)
    at runTest (/projects/challenge/node_modules/react-scripts/node_modules/jest-runner/build/runTest.js:475:34)
    at TestRunner.runTests (/projects/challenge/node_modules/react-scripts/node_modules/jest-runner/build/index.js:101:12)
    at TestScheduler.scheduleTests (/projects/challenge/node_modules/react-scripts/node_modules/@jest/core/build/TestScheduler.js:333:13)
    at runJest (/projects/challenge/node_modules/react-scripts/node_modules/@jest/core/build/runJest.js:404:19)
    at _run10000 (/projects/challenge/node_modules/react-scripts/node_modules/@jest/core/build/cli/index.js:320:7)
    at runCLI (/projects/challenge/node_modules/react-scripts/node_modules/@jest/core/build/cli/index.js:173:3)
    at Object.run (/projects/challenge/node_modules/react-scripts/node_modules/jest-cli/build/cli/index.js:155:37)</failure>
    </testcase>
    <testcase classname="Weather Dashboard updates temperature values with 1 decimal place in search-results when Fahrenheit is selected" name="Weather Dashboard updates temperature values with 1 decimal place in search-results when Fahrenheit is selected" time="0.02">
    </testcase>
    <testcase classname="Weather Dashboard updates temperature values with 1 decimal place in search-results when Celsius is selected" name="Weather Dashboard updates temperature values with 1 decimal place in search-results when Celsius is selected" time="0.034">
      <failure>TestingLibraryElementError: Unable to find an element with the text: 12.0°C, which matches selector &apos;.search-results .weather-card td&apos;. This could be because the text is broken up by multiple elements. In this case, you can provide a function for your text matcher to make your matcher more flexible.

Ignored nodes: comments, script, style
&lt;body&gt;
  &lt;div&gt;
    &lt;div
      class=&quot;layout-column align-items-center justify-content-start weather-list&quot;
      data-testid=&quot;weather-list&quot;
    &gt;
      &lt;h3&gt;
        Dashboard
      &lt;/h3&gt;
      &lt;p
        class=&quot;city-details&quot;
      &gt;
        Search for Current Temperature in cities like: New York, London, Paris etc.
      &lt;/p&gt;
      &lt;div
        class=&quot;card w-300 pt-20 pb-5 mt-5&quot;
      &gt;
        &lt;section
          class=&quot;layout-row align-items-center justify-content-center mt-20 mr-20 ml-20&quot;
        &gt;
          &lt;input
            data-testid=&quot;search-input&quot;
            placeholder=&quot;Search city&quot;
            type=&quot;text&quot;
          /&gt;
          &lt;button
            data-testid=&quot;clear-search-button&quot;
          &gt;
            Clear search
          &lt;/button&gt;
        &lt;/section&gt;
        &lt;table
          class=&quot;table search-results&quot;
        &gt;
          &lt;thead&gt;
            &lt;tr&gt;
              &lt;th&gt;
                City
              &lt;/th&gt;
              &lt;th&gt;
                Temperature
              &lt;/th&gt;
              &lt;th&gt;
                Description
              &lt;/th&gt;
              &lt;th&gt;
                Action
              &lt;/th&gt;
            &lt;/tr&gt;
          &lt;/thead&gt;
          &lt;tbody&gt;
            &lt;tr
              class=&quot;weather-card&quot;
              data-testid=&quot;weather-card-2&quot;
            &gt;
              &lt;td&gt;
                London
              &lt;/td&gt;
              &lt;td&gt;
                12°C
              &lt;/td&gt;
              &lt;td&gt;
                Cloudy
              &lt;/td&gt;
              &lt;td&gt;
                &lt;button
                  data-testid=&quot;weather-card-action-2&quot;
                &gt;
                  Add to favorites
                &lt;/button&gt;
              &lt;/td&gt;
            &lt;/tr&gt;
          &lt;/tbody&gt;
        &lt;/table&gt;
        &lt;section
          class=&quot;layout-row align-items-center justify-content-center mt-20 mr-20 ml-20&quot;
        &gt;
          &lt;button
            class=&quot;outlined&quot;
            data-testid=&quot;unit-change-button&quot;
          &gt;
            Switch to 
            Celsius
          &lt;/button&gt;
        &lt;/section&gt;
      &lt;/div&gt;
      &lt;h3&gt;
        Favourite Cities
      &lt;/h3&gt;
      &lt;div
        class=&quot;card w-300 pt-20 pb-5&quot;
      &gt;
        &lt;table
          class=&quot;table favorites&quot;
        &gt;
          &lt;thead&gt;
            &lt;tr&gt;
              &lt;th&gt;
                City
              &lt;/th&gt;
              &lt;th&gt;
                Temperature
              &lt;/th&gt;
              &lt;th&gt;
                Description
              &lt;/th&gt;
              &lt;th&gt;
                Action
              &lt;/th&gt;
            &lt;/tr&gt;
          &lt;/thead&gt;
          &lt;tbody /&gt;
        &lt;/table&gt;
      &lt;/div&gt;
    &lt;/div&gt;
  &lt;/div&gt;
&lt;/body&gt;
    at Object.getElementError (/projects/challenge/node_modules/@testing-library/dom/dist/config.js:37:19)
    at /projects/challenge/node_modules/@testing-library/dom/dist/query-helpers.js:76:38
    at /projects/challenge/node_modules/@testing-library/dom/dist/query-helpers.js:52:17
    at /projects/challenge/node_modules/@testing-library/dom/dist/query-helpers.js:95:19
    at Object.getByText (/projects/challenge/src/App.test.tsx:59:29)
    at Promise.then.completed (/projects/challenge/node_modules/react-scripts/node_modules/jest-circus/build/utils.js:391:28)
    at new Promise (&lt;anonymous&gt;)
    at callAsyncCircusFn (/projects/challenge/node_modules/react-scripts/node_modules/jest-circus/build/utils.js:316:10)
    at _callCircusTest (/projects/challenge/node_modules/react-scripts/node_modules/jest-circus/build/run.js:218:40)
    at _runTest (/projects/challenge/node_modules/react-scripts/node_modules/jest-circus/build/run.js:155:3)
    at _runTestsForDescribeBlock (/projects/challenge/node_modules/react-scripts/node_modules/jest-circus/build/run.js:66:9)
    at _runTestsForDescribeBlock (/projects/challenge/node_modules/react-scripts/node_modules/jest-circus/build/run.js:60:9)
    at run (/projects/challenge/node_modules/react-scripts/node_modules/jest-circus/build/run.js:25:3)
    at runAndTransformResultsToJestFormat (/projects/challenge/node_modules/react-scripts/node_modules/jest-circus/build/legacy-code-todo-rewrite/jestAdapterInit.js:170:21)
    at jestAdapter (/projects/challenge/node_modules/react-scripts/node_modules/jest-circus/build/legacy-code-todo-rewrite/jestAdapter.js:82:19)
    at runTestInternal (/projects/challenge/node_modules/react-scripts/node_modules/jest-runner/build/runTest.js:389:16)
    at runTest (/projects/challenge/node_modules/react-scripts/node_modules/jest-runner/build/runTest.js:475:34)
    at TestRunner.runTests (/projects/challenge/node_modules/react-scripts/node_modules/jest-runner/build/index.js:101:12)
    at TestScheduler.scheduleTests (/projects/challenge/node_modules/react-scripts/node_modules/@jest/core/build/TestScheduler.js:333:13)
    at runJest (/projects/challenge/node_modules/react-scripts/node_modules/@jest/core/build/runJest.js:404:19)
    at _run10000 (/projects/challenge/node_modules/react-scripts/node_modules/@jest/core/build/cli/index.js:320:7)
    at runCLI (/projects/challenge/node_modules/react-scripts/node_modules/@jest/core/build/cli/index.js:173:3)
    at Object.run (/projects/challenge/node_modules/react-scripts/node_modules/jest-cli/build/cli/index.js:155:37)</failure>
    </testcase>
    <testcase classname="Weather Dashboard updates temperature values with 1 decimal place in favorites when Fahrenheit is selected" name="Weather Dashboard updates temperature values with 1 decimal place in favorites when Fahrenheit is selected" time="0.02">
    </testcase>
    <testcase classname="Weather Dashboard updates temperature values with 1 decimal place in favorites when Celsius is selected" name="Weather Dashboard updates temperature values with 1 decimal place in favorites when Celsius is selected" time="0.031">
      <failure>TestingLibraryElementError: Unable to find an element with the text: 12.0°C, which matches selector &apos;.favorites .weather-card td&apos;. This could be because the text is broken up by multiple elements. In this case, you can provide a function for your text matcher to make your matcher more flexible.

Ignored nodes: comments, script, style
&lt;body&gt;
  &lt;div&gt;
    &lt;div
      class=&quot;layout-column align-items-center justify-content-start weather-list&quot;
      data-testid=&quot;weather-list&quot;
    &gt;
      &lt;h3&gt;
        Dashboard
      &lt;/h3&gt;
      &lt;p
        class=&quot;city-details&quot;
      &gt;
        Search for Current Temperature in cities like: New York, London, Paris etc.
      &lt;/p&gt;
      &lt;div
        class=&quot;card w-300 pt-20 pb-5 mt-5&quot;
      &gt;
        &lt;section
          class=&quot;layout-row align-items-center justify-content-center mt-20 mr-20 ml-20&quot;
        &gt;
          &lt;input
            data-testid=&quot;search-input&quot;
            placeholder=&quot;Search city&quot;
            type=&quot;text&quot;
          /&gt;
          &lt;button
            data-testid=&quot;clear-search-button&quot;
          &gt;
            Clear search
          &lt;/button&gt;
        &lt;/section&gt;
        &lt;table
          class=&quot;table search-results&quot;
        &gt;
          &lt;thead&gt;
            &lt;tr&gt;
              &lt;th&gt;
                City
              &lt;/th&gt;
              &lt;th&gt;
                Temperature
              &lt;/th&gt;
              &lt;th&gt;
                Description
              &lt;/th&gt;
              &lt;th&gt;
                Action
              &lt;/th&gt;
            &lt;/tr&gt;
          &lt;/thead&gt;
          &lt;tbody&gt;
            &lt;tr
              class=&quot;weather-card&quot;
              data-testid=&quot;weather-card-2&quot;
            &gt;
              &lt;td&gt;
                London
              &lt;/td&gt;
              &lt;td&gt;
                12°C
              &lt;/td&gt;
              &lt;td&gt;
                Cloudy
              &lt;/td&gt;
              &lt;td&gt;
                &lt;button
                  data-testid=&quot;weather-card-action-2&quot;
                &gt;
                  Remove from favorites
                &lt;/button&gt;
              &lt;/td&gt;
            &lt;/tr&gt;
          &lt;/tbody&gt;
        &lt;/table&gt;
        &lt;section
          class=&quot;layout-row align-items-center justify-content-center mt-20 mr-20 ml-20&quot;
        &gt;
          &lt;button
            class=&quot;outlined&quot;
            data-testid=&quot;unit-change-button&quot;
          &gt;
            Switch to 
            Celsius
          &lt;/button&gt;
        &lt;/section&gt;
      &lt;/div&gt;
      &lt;h3&gt;
        Favourite Cities
      &lt;/h3&gt;
      &lt;div
        class=&quot;card w-300 pt-20 pb-5&quot;
      &gt;
        &lt;table
          class=&quot;table favorites&quot;
        &gt;
          &lt;thead&gt;
            &lt;tr&gt;
              &lt;th&gt;
                City
              &lt;/th&gt;
              &lt;th&gt;
                Temperature
              &lt;/th&gt;
              &lt;th&gt;
                Description
              &lt;/th&gt;
              &lt;th&gt;
                Action
              &lt;/th&gt;
            &lt;/tr&gt;
          &lt;/thead&gt;
          &lt;tbody&gt;
            &lt;tr
              class=&quot;weather-card&quot;
              data-testid=&quot;weather-card-2&quot;
            &gt;
              &lt;td&gt;
                London
              &lt;/td&gt;
              &lt;td&gt;
                12°C
              &lt;/td&gt;
              &lt;td&gt;
                Cloudy
              &lt;/td&gt;
              &lt;td&gt;
                &lt;button
                  data-testid=&quot;weather-card-action-2&quot;
                &gt;
                  Remove from favorites
                &lt;/button&gt;
              &lt;/td&gt;
            &lt;/tr&gt;
          &lt;/tbody&gt;
        &lt;/table&gt;
      &lt;/div&gt;
    &lt;/div&gt;
  &lt;/div&gt;
&lt;/body&gt;
    at Object.getElementError (/projects/challenge/node_modules/@testing-library/dom/dist/config.js:37:19)
    at /projects/challenge/node_modules/@testing-library/dom/dist/query-helpers.js:76:38
    at /projects/challenge/node_modules/@testing-library/dom/dist/query-helpers.js:52:17
    at /projects/challenge/node_modules/@testing-library/dom/dist/query-helpers.js:95:19
    at Object.getByText (/projects/challenge/src/App.test.tsx:91:29)
    at Promise.then.completed (/projects/challenge/node_modules/react-scripts/node_modules/jest-circus/build/utils.js:391:28)
    at new Promise (&lt;anonymous&gt;)
    at callAsyncCircusFn (/projects/challenge/node_modules/react-scripts/node_modules/jest-circus/build/utils.js:316:10)
    at _callCircusTest (/projects/challenge/node_modules/react-scripts/node_modules/jest-circus/build/run.js:218:40)
    at _runTest (/projects/challenge/node_modules/react-scripts/node_modules/jest-circus/build/run.js:155:3)
    at _runTestsForDescribeBlock (/projects/challenge/node_modules/react-scripts/node_modules/jest-circus/build/run.js:66:9)
    at _runTestsForDescribeBlock (/projects/challenge/node_modules/react-scripts/node_modules/jest-circus/build/run.js:60:9)
    at run (/projects/challenge/node_modules/react-scripts/node_modules/jest-circus/build/run.js:25:3)
    at runAndTransformResultsToJestFormat (/projects/challenge/node_modules/react-scripts/node_modules/jest-circus/build/legacy-code-todo-rewrite/jestAdapterInit.js:170:21)
    at jestAdapter (/projects/challenge/node_modules/react-scripts/node_modules/jest-circus/build/legacy-code-todo-rewrite/jestAdapter.js:82:19)
    at runTestInternal (/projects/challenge/node_modules/react-scripts/node_modules/jest-runner/build/runTest.js:389:16)
    at runTest (/projects/challenge/node_modules/react-scripts/node_modules/jest-runner/build/runTest.js:475:34)
    at TestRunner.runTests (/projects/challenge/node_modules/react-scripts/node_modules/jest-runner/build/index.js:101:12)
    at TestScheduler.scheduleTests (/projects/challenge/node_modules/react-scripts/node_modules/@jest/core/build/TestScheduler.js:333:13)
    at runJest (/projects/challenge/node_modules/react-scripts/node_modules/@jest/core/build/runJest.js:404:19)
    at _run10000 (/projects/challenge/node_modules/react-scripts/node_modules/@jest/core/build/cli/index.js:320:7)
    at runCLI (/projects/challenge/node_modules/react-scripts/node_modules/@jest/core/build/cli/index.js:173:3)
    at Object.run (/projects/challenge/node_modules/react-scripts/node_modules/jest-cli/build/cli/index.js:155:37)</failure>
    </testcase>
    <testcase classname="Weather Dashboard displays city weather information when searched" name="Weather Dashboard displays city weather information when searched" time="0.009">
    </testcase>
    <testcase classname="Weather Dashboard adds city to favorite when &quot;Add to favorites&quot; is clicked" name="Weather Dashboard adds city to favorite when &quot;Add to favorites&quot; is clicked" time="0.015">
    </testcase>
    <testcase classname="Weather Dashboard removes city from favorite when &quot;Remove from favorites&quot; is clicked from favorites table" name="Weather Dashboard removes city from favorite when &quot;Remove from favorites&quot; is clicked from favorites table" time="0.018">
    </testcase>
    <testcase classname="Weather Dashboard removes city from favorite when &quot;Remove from favorites&quot; is clicked from search table" name="Weather Dashboard removes city from favorite when &quot;Remove from favorites&quot; is clicked from search table" time="0.019">
    </testcase>
    <testcase classname="Weather Dashboard changes temperature unit when unit change button is clicked" name="Weather Dashboard changes temperature unit when unit change button is clicked" time="0.014">
    </testcase>
  </testsuite>
</testsuites>